Max: 3.00
Min: 3.00
Average: 3.00
Last five: 3.00 
Max: 4.00
Min: 3.00
Average: 3.50
Last five: 3.00 4.00 
Max: 152.38
Min: 3.00
Average: 53.12
Last five: 3.00 4.00 152.38 
Max: 240.38
Min: 3.00
Average: 99.94
Last five: 3.00 4.00 152.38 240.38 
Max: 595.03
Min: 3.00
Average: 198.96
Last five: 3.00 4.00 152.38 240.38 595.03 
Max: 595.03
Min: 4.00
Average: 204.76
Last five: 4.00 152.38 240.38 595.03 32.00 
Max: 5321986.00
Min: 32.00
Average: 1064601.16
Last five: 152.38 240.38 595.03 32.00 5321986.00 
Max: 5321986.00
Min: 32.00
Average: 1064656.88
Last five: 240.38 595.03 32.00 5321986.00 431.00 
